// Jest Snapshot v1, https://goo.gl/fbAQLP

exports[`renders without crashed 1`] = `
<div>
  <GoalsHeader />
  <Goals
    goals={Array []}
    onChangeTarget={[Function]}
    onCompleteGoal={[Function]}
    onDeleteGoal={[Function]}
  />
  <GoalForm
    onNewGoal={[Function]}
    validateNewGoalName={[Function]}
  />
</div>
`;
